\BOOKMARK [0][-]{chapter.1}{\376\377\000\040\000C\000o\000u\000r\000s\000e\000:\000\040\000I\000n\000t\000r\000o\000d\000u\000c\000t\000i\000o\000n\000\040}{}% 1
\BOOKMARK [0][-]{chapter.2}{\376\377\000F\000u\000n\000c\000t\000i\000o\000n\000a\000l\000\040\000P\000r\000o\000g\000r\000a\000m\000m\000i\000n\000g\000\040}{}% 2
\BOOKMARK [1][-]{section.2.1}{\376\377\000\040\000C\000o\000u\000r\000s\000e\000:\000\040\000S\000i\000d\000e\000-\000e\000f\000f\000e\000c\000t\000s\000\040\000a\000n\000d\000\040\000r\000e\000c\000u\000r\000s\000i\000v\000e\000\040\000f\000u\000n\000c\000t\000i\000o\000n\000s\000\040}{chapter.2}% 3
\BOOKMARK [1][-]{lstnumber.-226.3}{\376\377\000\040\000C\000o\000u\000r\000s\000e\000:\000\040\000S\000i\000d\000e\000-\000e\000f\000f\000e\000c\000t\000s\000\040\000a\000n\000d\000\040\000r\000e\000c\000u\000r\000s\000i\000v\000e\000\040\000f\000u\000n\000c\000t\000i\000o\000n\000s\000\040}{chapter.2}% 4
\BOOKMARK [0][-]{chapter.3}{\376\377\000L\000o\000g\000i\000c\000\040\000p\000r\000o\000g\000r\000a\000m\000m\000i\000n\000g}{}% 5
\BOOKMARK [1][-]{Item.41}{\376\377\000\040\000C\000o\000u\000r\000s\000e\000:\000\040\000S\000i\000d\000e\000-\000e\000f\000f\000e\000c\000t\000s\000\040\000a\000n\000d\000\040\000r\000e\000c\000u\000r\000s\000i\000v\000e\000\040\000f\000u\000n\000c\000t\000i\000o\000n\000s\000\040}{chapter.3}% 6
\BOOKMARK [1][-]{Item.41}{\376\377\000\040\000C\000o\000u\000r\000s\000e\000:\000\040\000S\000i\000d\000e\000-\000e\000f\000f\000e\000c\000t\000s\000\040\000a\000n\000d\000\040\000r\000e\000c\000u\000r\000s\000i\000v\000e\000\040\000f\000u\000n\000c\000t\000i\000o\000n\000s\000\040}{chapter.3}% 7
\BOOKMARK [0][-]{chapter.4}{\376\377\000N\000o\000t\000e\000s}{}% 8
\BOOKMARK [1][-]{section*.2}{\376\377\000\040\000C\000o\000u\000r\000s\000e\000:\000\040\000S\000i\000d\000e\000-\000e\000f\000f\000e\000c\000t\000s\000\040\000a\000n\000d\000\040\000r\000e\000c\000u\000r\000s\000i\000v\000e\000\040\000f\000u\000n\000c\000t\000i\000o\000n\000s\000\040}{chapter.4}% 9
